../Core/Src/main.c:73:6:vLED_BlinkingTask	24	static
../Core/Src/main.c:84:6:vADCReadingTask	88	static
../Core/Src/main.c:109:5:main	16	static
../Core/Src/main.c:192:6:SystemClock_Config	88	static
../Core/Src/main.c:239:13:MX_ADC1_Init	24	static
../Core/Src/main.c:291:13:MX_USART2_UART_Init	8	static
../Core/Src/main.c:324:13:MX_GPIO_Init	40	static
../Core/Src/main.c:361:6:StartDefaultTask	16	static
../Core/Src/main.c:380:6:HAL_TIM_PeriodElapsedCallback	16	static
../Core/Src/main.c:398:6:Error_Handler	4	static,ignoring_inline_asm
