../Core/Src/main.c:69:6:vUARTSendingTask	24	static
../Core/Src/main.c:81:6:vUARTYieldingTask	24	static,ignoring_inline_asm
../Core/Src/main.c:96:6:vHighPriorityTask	24	static
../Core/Src/main.c:110:6:vLowPriorityTask	24	static
../Core/Src/main.c:127:5:main	16	static
../Core/Src/main.c:231:6:SystemClock_Config	88	static
../Core/Src/main.c:278:13:MX_USART2_UART_Init	8	static
../Core/Src/main.c:311:13:MX_GPIO_Init	16	static
../Core/Src/main.c:336:6:StartDefaultTask	16	static
../Core/Src/main.c:355:6:HAL_TIM_PeriodElapsedCallback	16	static
../Core/Src/main.c:373:6:Error_Handler	4	static,ignoring_inline_asm
