19:32:37 **** Incremental Build of configuration Debug for project FreeRtos_Cooperativesched ****
make -j12 all 
arm-none-eabi-gcc "../Core/Src/main.c" -mcpu=cortex-m4 -std=gnu11 -g3 -DDEBUG -DUSE_HAL_DRIVER -DSTM32F407xx -c -I../Core/Inc -I../Drivers/STM32F4xx_HAL_Driver/Inc -I../Drivers/STM32F4xx_HAL_Driver/Inc/Legacy -I../Drivers/CMSIS/Device/ST/STM32F4xx/Include -I../Drivers/CMSIS/Include -I../Middlewares/Third_Party/FreeRTOS/Source/include -I../Middlewares/Third_Party/FreeRTOS/Source/CMSIS_RTOS_V2 -I../Middlewares/Third_Party/FreeRTOS/Source/portable/GCC/ARM_CM4F -O0 -ffunction-sections -fdata-sections -Wall -fstack-usage -fcyclomatic-complexity -MMD -MP -MF"Core/Src/main.d" -MT"Core/Src/main.o" --specs=nano.specs -mfpu=fpv4-sp-d16 -mfloat-abi=hard -mthumb -o "Core/Src/main.o"
../Core/Src/main.c: In function 'main':
../Core/Src/main.c:207:3: warning: "/*" within comment [-Wcomment]
  207 |   /* USER CODE BEGIN RTOS_EVENTS */
      |    
arm-none-eabi-gcc -o "FreeRtos_Cooperativesched.elf" @"objects.list"   -mcpu=cortex-m4 -T"/home/sakshi/CDAC_classwork/RTOS/FreeRtos_Cooperativesched/STM32F407VGTX_FLASH.ld" --specs=nosys.specs -Wl,-Map="FreeRtos_Cooperativesched.map" -Wl,--gc-sections -static --specs=nano.specs -mfpu=fpv4-sp-d16 -mfloat-abi=hard -mthumb -Wl,--start-group -lc -lm -Wl,--end-group
Finished building target: FreeRtos_Cooperativesched.elf
 
arm-none-eabi-size  FreeRtos_Cooperativesched.elf 
arm-none-eabi-objdump -h -S FreeRtos_Cooperativesched.elf  > "FreeRtos_Cooperativesched.list"
   text	   data	    bss	    dec	    hex	filename
  22620	     96	  20960	  43676	   aa9c	FreeRtos_Cooperativesched.elf
Finished building: default.size.stdout
 
Finished building: FreeRtos_Cooperativesched.list
 

19:32:37 Build Finished. 0 errors, 1 warnings. (took 443ms)

